Archive Project report for Project
Wed Apr 06 11:22:07 2016
Quartus II 64-Bit Version 12.1 Build 177 11/07/2012 SJ Web Edition


---------------------
; Table of Contents ;
---------------------
  1. Legal Notice
  2. Archive Project Summary
  3. Archive Project Messages
  4. Files Archived



----------------
; Legal Notice ;
----------------
Copyright (C) 1991-2012 Altera Corporation
Your use of Altera Corporation's design tools, logic functions 
and other software and tools, and its AMPP partner logic 
functions, and any output files from any of the foregoing 
(including device programming or simulation files), and any 
associated documentation or information are expressly subject 
to the terms and conditions of the Altera Program License 
Subscription Agreement, Altera MegaCore Function License 
Agreement, or other applicable license agreement, including, 
without limitation, that your use is for the sole purpose of 
programming logic devices manufactured by Altera and sold by 
Altera or its authorized distributors.  Please refer to the 
applicable agreement for further details.



+----------------------------------------------------------------+
; Archive Project Summary                                        ;
+------------------------+---------------------------------------+
; Archive Project Status ; Successful - Wed Apr 06 11:22:07 2016 ;
; Revision Name          ; Project                               ;
; Top-level Entity Name  ; datapath                              ;
; Family                 ; Cyclone III                           ;
+------------------------+---------------------------------------+


+--------------------------+
; Archive Project Messages ;
+--------------------------+
Info: File Set 'Source control' contains:
    Info: Project source and settings files
    Info: Automatically detected source files
Info: ----------------------------------------------------------
Info: ----------------------------------------------------------
Info: Generated archive 'C:/Users/Matthew/Desktop/Digtial Design Labs/Project/Project/Project.qar'
Info: ----------------------------------------------------------
Info: ----------------------------------------------------------
Info: Generated report 'Project.archive.rpt'
Info (23030): Evaluation of Tcl script c:/altera/12.1/quartus/common/tcl/apps/qpm/qar.tcl was successful
Info: Quartus II 64-Bit Shell was successful. 0 errors, 1 warning
    Info: Peak virtual memory: 351 megabytes
    Info: Processing ended: Wed Apr 06 11:22:07 2016
    Info: Elapsed time: 00:00:04
    Info: Total CPU time (on all processors): 00:00:03


+------------------------------------------------------+
; Files Archived                                       ;
+------------------------------------------------------+
; File Name                                            ;
+------------------------------------------------------+
; adder.vhd                                            ;
; alu.vhd                                              ;
; alu_tb.vhd                                           ;
; c:/altera/12.1/quartus/bin64/assignment_defaults.qdf ;
; controler.vhd                                        ;
; datapath.vhd                                         ;
; datapath_tb.vhd                                      ;
; eight_bit_reg.vhd                                    ;
; eight_bus.vhd                                        ;
; eight_busses.vhd                                     ;
; incremental_db/compiled_partitions/Project.db_info   ;
; one_bit_reg.vhd                                      ;
; Project.qpf                                          ;
; Project.qsf                                          ;
; sixteen_bus.vhd                                      ;
; sixteen_busses.vhd                                   ;
; three_to_one_mux.vhd                                 ;
+------------------------------------------------------+


